[05/Apr/2022:23:01:08 +0800] [core:error] [pid 45152:tid 4378822016] [client 127.0.0.1] 501：Not Implemented
[05/Apr/2022:23:01:15 +0800] [core:error] [pid 45152:tid 4378822016] [client 127.0.0.1] 501：Not Implemented
[05/Apr/2022:23:01:17 +0800] [core:error] [pid 45152:tid 4378822016] [client 127.0.0.1] 501：Not Implemented
[05/Apr/2022:23:01:23 +0800] [core:error] [pid 45152:tid 4378822016] [client 127.0.0.1] 501：Not Implemented
[05/Apr/2022:23:01:27 +0800] [core:error] [pid 45152:tid 4378822016] [client 127.0.0.1] 501：Not Implemented
[05/Apr/2022:23:01:28 +0800] [core:error] [pid 45152:tid 4378822016] [client 127.0.0.1] 501：Not Implemented
[05/Apr/2022:23:01:30 +0800] [core:error] [pid 45152:tid 4378822016] [client 127.0.0.1] 501：Not Implemented
[05/Apr/2022:23:01:32 +0800] [core:error] [pid 45152:tid 4378822016] [client 127.0.0.1] 501：Not Implemented
[05/Apr/2022:23:01:34 +0800] [core:error] [pid 45152:tid 4378822016] [client 127.0.0.1] 501：Not Implemented
[05/Apr/2022:23:01:36 +0800] [core:error] [pid 45152:tid 4378822016] [client 127.0.0.1] 501：Not Implemented
[06/Apr/2022:09:48:08 +0800] [core:error] [pid 59708:tid 4304504192] [client 127.0.0.1] 505：HTTP Version Not Supported
[11/Apr/2022:15:29:34 +0800] [core:error] [pid 29759:tid 4309550464] [client 127.0.0.1] 505：HTTP Version Not Supported
[11/Apr/2022:15:29:49 +0800] [core:error] [pid 29759:tid 4309550464] [client 127.0.0.1] 505：HTTP Version Not Supported
[11/Apr/2022:15:30:12 +0800] [core:error] [pid 29759:tid 4309550464] [client 127.0.0.1] 404：File Not Found File does not exist: /static_site/index.html
[11/Apr/2022:15:30:36 +0800] [core:error] [pid 29759:tid 4309550464] [client 127.0.0.1] 505：HTTP Version Not Supported
[11/Apr/2022:15:32:14 +0800] [core:error] [pid 30681:tid 4303488384] [client 127.0.0.1] 505：HTTP Version Not Supported
[11/Apr/2022:15:39:04 +0800] [core:error] [pid 31448:tid 4302767488] [client 127.0.0.1] 404：File Not Found File does not exist: /favicon.ico
[11/Apr/2022:15:39:05 +0800] [core:error] [pid 31448:tid 4302767488] [client 127.0.0.1] 404：File Not Found File does not exist: /favicon.ico
[11/Apr/2022:15:42:33 +0800] [core:error] [pid 31448:tid 4302767488] [client 127.0.0.1] 404：File Not Found File does not exist: /favicon.ico
[11/Apr/2022:15:59:19 +0800] [core:error] [pid 34434:tid 4376757632] [client 127.0.0.1] 404：File Not Found File does not exist: /images/liso_header.png
[11/Apr/2022:15:59:19 +0800] [core:error] [pid 34434:tid 4376757632] [client 127.0.0.1] 404：File Not Found File does not exist: /images/liso_header.png
[11/Apr/2022:16:16:23 +0800] [core:error] [pid 37301:tid 4331849088] [client 127.0.0.1] 404：File Not Found File does not exist: /
[11/Apr/2022:16:17:50 +0800] [core:error] [pid 37707:tid 4311483776] [client 127.0.0.1] 404：File Not Found File does not exist: /
[11/Apr/2022:16:30:42 +0800] [core:error] [pid 42136:tid 4297262464] [client 127.0.0.1] 404：File Not Found File does not exist: /favicon.ico
[11/Apr/2022:18:27:06 +0800] [core:error] [pid 55697:tid 4329424256] [client 127.0.0.1] 404：File Not Found File does not exist: /127.0.0.0:8080
[11/Apr/2022:18:27:06 +0800] [core:error] [pid 55697:tid 4329424256] [client 127.0.0.1] 404：File Not Found File does not exist: /127.0.0.0:8080
[11/Apr/2022:19:39:36 +0800] [core:error] [pid 66581:tid 4348691840] [client 127.0.0.1] 404：File Not Found File does not exist: /favicon.ico
[11/Apr/2022:22:25:30 +0800] [core:error] [pid 97177:tid 4313957760] [client 127.0.0.1] 404：File Not Found File does not exist: /post.html
[11/Apr/2022:22:26:03 +0800] [core:error] [pid 97177:tid 4313957760] [client 127.0.0.1] 404：File Not Found File does not exist: /favicon.ico
[11/Apr/2022:22:26:26 +0800] [core:error] [pid 97177:tid 4313957760] [client 127.0.0.1] 404：File Not Found File does not exist: /favicon.ico
[11/Apr/2022:22:30:05 +0800] [core:error] [pid 97710:tid 4307387776] [client 127.0.0.1] 404：File Not Found File does not exist: /post.html
[11/Apr/2022:22:30:14 +0800] [core:error] [pid 97710:tid 4307387776] [client 127.0.0.1] 404：File Not Found File does not exist: /favicon.ico
[11/Apr/2022:22:38:41 +0800] [core:error] [pid 97710:tid 4307387776] [client 127.0.0.1] 404：File Not Found File does not exist: /favicon.ico
[11/Apr/2022:23:00:10 +0800] [core:error] [pid 99652:tid 4370253184] [client 127.0.0.1] 404：File Not Found File does not exist: /favicon.ico
[12/Apr/2022:14:12:16 +0800] [core:error] [pid 9844:tid 4301669760] [client 127.0.0.1] 404：File Not Found File does not exist: /favicon.ico
[12/Apr/2022:14:13:16 +0800] [core:error] [pid 9844:tid 4301669760] [client 127.0.0.1] 404：File Not Found File does not exist: /cgi_html/127.0.0.0:9999
[12/Apr/2022:14:13:33 +0800] [core:error] [pid 9844:tid 4301669760] [client 127.0.0.1] 404：File Not Found File does not exist: /cgi_html/127.0.0.0:9999
[12/Apr/2022:14:13:44 +0800] [core:error] [pid 9844:tid 4301669760] [client 127.0.0.1] 404：File Not Found File does not exist: /cgi_html/127.0.0.0:9999
[12/Apr/2022:14:26:40 +0800] [core:error] [pid 11559:tid 4301161856] [client 127.0.0.1] 404：File Not Found File does not exist: /post.html
[12/Apr/2022:14:26:49 +0800] [core:error] [pid 11559:tid 4301161856] [client 127.0.0.1] 404：File Not Found File does not exist: /favicon.ico
[12/Apr/2022:14:29:20 +0800] [core:error] [pid 11559:tid 4301161856] [client 127.0.0.1] 404：File Not Found File does not exist: /favicon.ico
[12/Apr/2022:14:40:00 +0800] [core:error] [pid 11559:tid 4301161856] [client 127.0.0.1] 404：File Not Found File does not exist: /favicon.ico
[12/Apr/2022:14:42:56 +0800] [core:error] [pid 11559:tid 4301161856] [client 127.0.0.1] 404：File Not Found File does not exist: /favicon.ico
[12/Apr/2022:14:47:40 +0800] [core:error] [pid 11559:tid 4301161856] [client 127.0.0.1] 404：File Not Found File does not exist: /favicon.ico
[12/Apr/2022:14:48:01 +0800] [core:error] [pid 11559:tid 4301161856] [client 127.0.0.1] 404：File Not Found File does not exist: /favicon.ico
[12/Apr/2022:14:49:23 +0800] [core:error] [pid 11559:tid 4301161856] [client 127.0.0.1] 404：File Not Found File does not exist: /favicon.ico
[12/Apr/2022:14:49:37 +0800] [core:error] [pid 11559:tid 4301161856] [client 127.0.0.1] 404：File Not Found File does not exist: /favicon.ico
[12/Apr/2022:14:52:44 +0800] [core:error] [pid 11559:tid 4301161856] [client 127.0.0.1] 404：File Not Found File does not exist: /favicon.ico
[12/Apr/2022:14:55:28 +0800] [core:error] [pid 11559:tid 4301161856] [client 127.0.0.1] 404：File Not Found File does not exist: /favicon.ico
[12/Apr/2022:14:56:09 +0800] [core:error] [pid 11559:tid 4301161856] [client 127.0.0.1] 404：File Not Found File does not exist: /favicon.ico
[12/Apr/2022:14:56:45 +0800] [core:error] [pid 11559:tid 4301161856] [client 127.0.0.1] 404：File Not Found File does not exist: /favicon.ico
[12/Apr/2022:15:12:49 +0800] [core:error] [pid 16680:tid 4310271360] [client 127.0.0.1] 404：File Not Found File does not exist: /post.html
[12/Apr/2022:15:12:51 +0800] [core:error] [pid 16680:tid 4310271360] [client 127.0.0.1] 404：File Not Found File does not exist: /favicon.ico
[12/Apr/2022:15:15:40 +0800] [core:error] [pid 16680:tid 4310271360] [client 127.0.0.1] 404：File Not Found File does not exist: /favicon.ico
[12/Apr/2022:15:15:43 +0800] [core:error] [pid 16680:tid 4310271360] [client 127.0.0.1] 404：File Not Found File does not exist: /cgi_html/post.html/h5/template.html
[12/Apr/2022:15:17:26 +0800] [core:error] [pid 16680:tid 4310271360] [client 127.0.0.1] 404：File Not Found File does not exist: /favicon.ico
[12/Apr/2022:15:17:28 +0800] [core:error] [pid 16680:tid 4310271360] [client 127.0.0.1] 404：File Not Found File does not exist: /cgi_html/post.html/h5/template.html
[12/Apr/2022:15:19:00 +0800] [core:error] [pid 16680:tid 4310271360] [client 127.0.0.1] 404：File Not Found File does not exist: /cgi_html/post.html/h5/template.html
[12/Apr/2022:15:19:19 +0800] [core:error] [pid 16680:tid 4310271360] [client 127.0.0.1] 404：File Not Found File does not exist: /favicon.ico
[12/Apr/2022:15:19:32 +0800] [core:error] [pid 16680:tid 4310271360] [client 127.0.0.1] 404：File Not Found File does not exist: /favicon.ico
[12/Apr/2022:15:19:34 +0800] [core:error] [pid 16680:tid 4310271360] [client 127.0.0.1] 404：File Not Found File does not exist: /%22images/liso_header.png/%22
[12/Apr/2022:15:19:54 +0800] [core:error] [pid 16680:tid 4310271360] [client 127.0.0.1] 404：File Not Found File does not exist: /favicon.ico
[12/Apr/2022:15:20:11 +0800] [core:error] [pid 16680:tid 4310271360] [client 127.0.0.1] 404：File Not Found File does not exist: /%22images/liso_header.png/%22
[12/Apr/2022:15:20:25 +0800] [core:error] [pid 16680:tid 4310271360] [client 127.0.0.1] 404：File Not Found File does not exist: /favicon.ico
[12/Apr/2022:15:21:48 +0800] [core:error] [pid 16680:tid 4310271360] [client 127.0.0.1] 404：File Not Found File does not exist: /favicon.ico
[12/Apr/2022:15:21:50 +0800] [core:error] [pid 16680:tid 4310271360] [client 127.0.0.1] 404：File Not Found File does not exist: /%22images/liso_header.png/%22
[12/Apr/2022:15:22:06 +0800] [core:error] [pid 16680:tid 4310271360] [client 127.0.0.1] 404：File Not Found File does not exist: /%22images/liso_header.png/%22
[12/Apr/2022:15:22:08 +0800] [core:error] [pid 16680:tid 4310271360] [client 127.0.0.1] 404：File Not Found File does not exist: /favicon.ico
[12/Apr/2022:15:22:09 +0800] [core:error] [pid 16680:tid 4310271360] [client 127.0.0.1] 404：File Not Found File does not exist: /%22images/liso_header.png/%22
[12/Apr/2022:15:22:25 +0800] [core:error] [pid 16680:tid 4310271360] [client 127.0.0.1] 404：File Not Found File does not exist: /favicon.ico
[12/Apr/2022:15:26:50 +0800] [core:error] [pid 16680:tid 4310271360] [client 127.0.0.1] 404：File Not Found File does not exist: /%22images/liso_header.png/%22
[12/Apr/2022:15:26:53 +0800] [core:error] [pid 16680:tid 4310271360] [client 127.0.0.1] 404：File Not Found File does not exist: /favicon.ico
[12/Apr/2022:15:27:09 +0800] [core:error] [pid 16680:tid 4310271360] [client 127.0.0.1] 404：File Not Found File does not exist: /%22images/liso_header.png/%22
[12/Apr/2022:15:27:11 +0800] [core:error] [pid 16680:tid 4310271360] [client 127.0.0.1] 404：File Not Found File does not exist: /favicon.ico
[12/Apr/2022:15:37:00 +0800] [core:error] [pid 16680:tid 4310271360] [client 127.0.0.1] 404：File Not Found File does not exist: /%22images/liso_header.png/%22
[12/Apr/2022:15:37:25 +0800] [core:error] [pid 16680:tid 4310271360] [client 127.0.0.1] 404：File Not Found File does not exist: /favicon.ico
[12/Apr/2022:15:37:39 +0800] [core:error] [pid 16680:tid 4310271360] [client 127.0.0.1] 404：File Not Found File does not exist: /favicon.ico
[12/Apr/2022:15:38:08 +0800] [core:error] [pid 16680:tid 4310271360] [client 127.0.0.1] 404：File Not Found File does not exist: /favicon.ico
[12/Apr/2022:15:38:09 +0800] [core:error] [pid 16680:tid 4310271360] [client 127.0.0.1] 404：File Not Found File does not exist: /favicon.ico
[12/Apr/2022:18:24:26 +0800] [core:error] [pid 24308:tid 4379346304] [client 127.0.0.1] 404：File Not Found File does not exist: /favicon.ico
[12/Apr/2022:18:24:29 +0800] [core:error] [pid 24308:tid 4379346304] [client 127.0.0.1] 404：File Not Found File does not exist: /favicon.ico
[12/Apr/2022:18:25:38 +0800] [core:error] [pid 24308:tid 4379346304] [client 127.0.0.1] 404：File Not Found File does not exist: /favicon.ico
[12/Apr/2022:18:25:40 +0800] [core:error] [pid 24308:tid 4379346304] [client 127.0.0.1] 404：File Not Found File does not exist: /favicon.ico
[12/Apr/2022:18:25:50 +0800] [core:error] [pid 24308:tid 4379346304] [client 127.0.0.1] 404：File Not Found File does not exist: /favicon.ico
[12/Apr/2022:18:25:52 +0800] [core:error] [pid 24308:tid 4379346304] [client 127.0.0.1] 404：File Not Found File does not exist: /favicon.ico
[12/Apr/2022:18:26:08 +0800] [core:error] [pid 24308:tid 4379346304] [client 127.0.0.1] 404：File Not Found File does not exist: /favicon.ico
[12/Apr/2022:18:26:10 +0800] [core:error] [pid 24308:tid 4379346304] [client 127.0.0.1] 404：File Not Found File does not exist: /cgi_html/images/liso_header.png
[12/Apr/2022:18:27:07 +0800] [core:error] [pid 24308:tid 4379346304] [client 127.0.0.1] 404：File Not Found File does not exist: /favicon.ico
[12/Apr/2022:18:27:09 +0800] [core:error] [pid 24308:tid 4379346304] [client 127.0.0.1] 404：File Not Found File does not exist: /favicon.ico
[12/Apr/2022:18:27:34 +0800] [core:error] [pid 24308:tid 4379346304] [client 127.0.0.1] 404：File Not Found File does not exist: /favicon.ico
[12/Apr/2022:18:32:01 +0800] [core:error] [pid 24308:tid 4379346304] [client 127.0.0.1] 404：File Not Found File does not exist: /favicon.ico
[12/Apr/2022:18:32:03 +0800] [core:error] [pid 24308:tid 4379346304] [client 127.0.0.1] 404：File Not Found File does not exist: /favicon.ico
[12/Apr/2022:18:33:30 +0800] [core:error] [pid 24308:tid 4379346304] [client 127.0.0.1] 404：File Not Found File does not exist: /favicon.ico
[12/Apr/2022:18:33:32 +0800] [core:error] [pid 24308:tid 4379346304] [client 127.0.0.1] 404：File Not Found File does not exist: /favicon.ico
[12/Apr/2022:18:33:52 +0800] [core:error] [pid 24308:tid 4379346304] [client 127.0.0.1] 404：File Not Found File does not exist: /favicon.ico
[12/Apr/2022:18:36:02 +0800] [core:error] [pid 24308:tid 4379346304] [client 127.0.0.1] 404：File Not Found File does not exist: /favicon.ico
[12/Apr/2022:18:36:04 +0800] [core:error] [pid 24308:tid 4379346304] [client 127.0.0.1] 404：File Not Found File does not exist: /favicon.ico
[12/Apr/2022:18:36:05 +0800] [core:error] [pid 24308:tid 4379346304] [client 127.0.0.1] 404：File Not Found File does not exist: /favicon.ico
[12/Apr/2022:18:36:12 +0800] [core:error] [pid 24308:tid 4379346304] [client 127.0.0.1] 404：File Not Found File does not exist: /favicon.ico
[12/Apr/2022:18:36:14 +0800] [core:error] [pid 24308:tid 4379346304] [client 127.0.0.1] 404：File Not Found File does not exist: /cgi_html/images/liso_header.png
[12/Apr/2022:18:38:44 +0800] [core:error] [pid 24308:tid 4379346304] [client 127.0.0.1] 404：File Not Found File does not exist: /favicon.ico
[12/Apr/2022:18:38:46 +0800] [core:error] [pid 24308:tid 4379346304] [client 127.0.0.1] 404：File Not Found File does not exist: /cgi_html/images/liso_header.png
[12/Apr/2022:18:39:07 +0800] [core:error] [pid 24308:tid 4379346304] [client 127.0.0.1] 404：File Not Found File does not exist: /favicon.ico
[12/Apr/2022:18:39:28 +0800] [core:error] [pid 24308:tid 4379346304] [client 127.0.0.1] 404：File Not Found File does not exist: /cgi_html/images/liso_header.png
[12/Apr/2022:18:42:22 +0800] [core:error] [pid 24308:tid 4379346304] [client 127.0.0.1] 404：File Not Found File does not exist: /favicon.ico
[12/Apr/2022:18:43:45 +0800] [core:error] [pid 24308:tid 4379346304] [client 127.0.0.1] 404：File Not Found File does not exist: /cgi_html/images/liso_header.png
[12/Apr/2022:18:43:48 +0800] [core:error] [pid 24308:tid 4379346304] [client 127.0.0.1] 404：File Not Found File does not exist: /favicon.ico
[12/Apr/2022:18:45:18 +0800] [core:error] [pid 24308:tid 4379346304] [client 127.0.0.1] 404：File Not Found File does not exist: /cgi_html/images/liso_header.png
[12/Apr/2022:18:46:06 +0800] [core:error] [pid 24308:tid 4379346304] [client 127.0.0.1] 404：File Not Found File does not exist: /favicon.ico
[12/Apr/2022:18:47:00 +0800] [core:error] [pid 24308:tid 4379346304] [client 127.0.0.1] 404：File Not Found File does not exist: /cgi_html/images/liso_header.png
[12/Apr/2022:18:47:02 +0800] [core:error] [pid 24308:tid 4379346304] [client 127.0.0.1] 404：File Not Found File does not exist: /favicon.ico
[12/Apr/2022:18:47:19 +0800] [core:error] [pid 24308:tid 4379346304] [client 127.0.0.1] 404：File Not Found File does not exist: /favicon.ico
[12/Apr/2022:18:47:21 +0800] [core:error] [pid 24308:tid 4379346304] [client 127.0.0.1] 404：File Not Found File does not exist: /favicon.ico
[12/Apr/2022:14:19:34 +0800] [core:error] [pid 20:tid 140033912747264] [client 127.0.0.1] 505：HTTP Version Not Supported
